{
  "hw": "mi355x",
  "conc": 4,
  "image": "rocm/sgl-dev:v0.5.8.post1-rocm700-mi35x-20260219",
  "model": "/dev/shm/model/GLM-5-FP8",
  "infmax_model_prefix": "glm5",
  "framework": "sglang",
  "precision": "fp8",
  "spec_decoding": "none",
  "disagg": false,
  "isl": 1024,
  "osl": 1024,
  "is_multinode": false,
  "tp": 8,
  "ep": 1,
  "dp_attention": "false",
  "tput_per_gpu": 15.165486667795973,
  "output_tput_per_gpu": 7.616885854026058,
  "input_tput_per_gpu": 7.548600813769915,
  "mean_ttft": 0.877772257993153,
  "median_ttft": 0.5032318560406566,
  "std_ttft": 0.5750155010077704,
  "p90_ttft": 1.6059509141370654,
  "p99_ttft": 1.6062665341282263,
  "p99.9_ttft": 1.6062989673283883,
  "mean_tpot": 0.06282507273073795,
  "mean_intvty": 15.917211975000827,
  "median_tpot": 0.0629239255552402,
  "median_intvty": 15.892206202585234,
  "std_tpot": 0.0006420616843246452,
  "std_intvty": 1557.4827534707254,
  "p90_tpot": 0.06349061017439792,
  "p90_intvty": 15.750360521865673,
  "p99_tpot": 0.06376780747898488,
  "p99_intvty": 15.68189403923848,
  "p99.9_tpot": 0.06379794049091758,
  "p99.9_intvty": 15.674487174744492,
  "mean_itl": 0.06284094699064927,
  "median_itl": 0.06204030406661332,
  "std_itl": 0.022481300581784422,
  "p90_itl": 0.062198491068556905,
  "p99_itl": 0.06261811808217317,
  "p99.9_itl": 0.421548562566756,
  "mean_e2el": 58.64431252503224,
  "median_e2el": 57.576101042097434,
  "std_e2el": 3.7199515748721566,
  "p90_e2el": 63.09769903887063,
  "p99_e2el": 65.78545116964494,
  "p99.9_e2el": 66.07624778054259
}
[aggregate_power] avg_power_w=455.09 (per GPU, n=8) joules_per_output_token=59.7478 joules_per_total_token=30.0084 duration=181.2s output_tokens=11043 input_tokens=10944 -> agg_glm5_1024x1024_fp8_sglang_mi355x_tp8-ep1-dpafalse_disagg-false_spec-none_conc4_prompts3x_old.json
