Unable to find image 'rocm/7.0:rocm7.0_ubuntu_22.04_sgl-dev-v0.5.2-rocm7.0-mi35x-20250915' locally
rocm7.0_ubuntu_22.04_sgl-dev-v0.5.2-rocm7.0-mi35x-20250915: Pulling from rocm/7.0
660ffc76f83b: Already exists
8f15127cc838: Already exists
9b15895e3240: Already exists
f9b093ef803e: Already exists
7871d920fb0f: Already exists
7935d8c4e26c: Already exists
a32765e78010: Already exists
7fc751a2ed3a: Already exists
980be016a223: Already exists
9e1a971876ec: Already exists
ec6812b374e9: Already exists
01b887f14943: Already exists
844c30750327: Already exists
2682f0d8340c: Already exists
4f4fb700ef54: Already exists
349b8c8a8418: Already exists
d0b1657b26f5: Already exists
45b70560bebf: Already exists
4f4fb700ef54: Already exists
b18067367790: Already exists
80e4388c8594: Already exists
43bd5f89e157: Already exists
4f4e25c713a5: Already exists
fa9b244e8ec3: Already exists
4f4fb700ef54: Already exists
4f4fb700ef54: Already exists
802ff7b676ec: Already exists
4f4fb700ef54: Already exists
91c970c997c5: Already exists
c7b1c2221fca: Already exists
f741376ff6a1: Already exists
d9b88c1e947d: Already exists
0e6681539f16: Already exists
c527cb82155d: Pulling fs layer
4f4fb700ef54: Pulling fs layer
5b7866e3741a: Pulling fs layer
3d5b224f19ee: Pulling fs layer
d86d1d7d0bee: Pulling fs layer
54200eaadcdf: Pulling fs layer
062932df01bb: Pulling fs layer
d986a1fbcd8f: Pulling fs layer
cdba20c1ac82: Pulling fs layer
0b4ea7be9d25: Pulling fs layer
b2d05fe97ab3: Pulling fs layer
39ee6f246f45: Pulling fs layer
2169456815f5: Pulling fs layer
13cf41047560: Pulling fs layer
54200eaadcdf: Waiting
d86d1d7d0bee: Waiting
062932df01bb: Waiting
d986a1fbcd8f: Waiting
cdba20c1ac82: Waiting
2169456815f5: Waiting
13cf41047560: Waiting
0b4ea7be9d25: Waiting
b2d05fe97ab3: Waiting
3d5b224f19ee: Waiting
39ee6f246f45: Waiting
4f4fb700ef54: Verifying Checksum
4f4fb700ef54: Download complete
5b7866e3741a: Verifying Checksum
5b7866e3741a: Download complete
c527cb82155d: Verifying Checksum
c527cb82155d: Download complete
c527cb82155d: Pull complete
4f4fb700ef54: Pull complete
5b7866e3741a: Pull complete
3d5b224f19ee: Download complete
3d5b224f19ee: Pull complete
