{
  "hw": "mi355x",
  "conc": 8,
  "image": "rocm/atom:rocm7.2.2_ubuntu24.04_py3.12_pytorch_release_2.10.0_atom0.1.2.post",
  "model": "zai-org/GLM-5-FP8",
  "infmax_model_prefix": "glm5",
  "framework": "atom",
  "precision": "fp8",
  "spec_decoding": "none",
  "disagg": false,
  "isl": 8192,
  "osl": 1024,
  "is_multinode": false,
  "tp": 8,
  "ep": 1,
  "dp_attention": "false",
  "tput_per_gpu": 344.61296866724126,
  "output_tput_per_gpu": 38.99929602401883,
  "input_tput_per_gpu": 305.61367264322246,
  "mean_ttft": 1.3049396286708845,
  "median_ttft": 0.4612154255155474,
  "std_ttft": 1.7274901648655936,
  "p90_ttft": 4.525158864550756,
  "p99_ttft": 5.82984356471803,
  "p99.9_ttft": 5.881500629155432,
  "mean_tpot": 0.023150164898630643,
  "mean_intvty": 43.19623658746168,
  "median_tpot": 0.02286877642385974,
  "median_intvty": 43.727743953833375,
  "std_tpot": 0.0018836658415704512,
  "std_intvty": 530.8797228951603,
  "p90_tpot": 0.025760355484372006,
  "p90_intvty": 38.81934007497173,
  "p99_tpot": 0.027821815064163667,
  "p99_intvty": 35.9430180127991,
  "p99.9_tpot": 0.028163566839623923,
  "p99.9_intvty": 35.50686621813394,
  "mean_itl": 0.023125409646061787,
  "median_itl": 0.02037009794730693,
  "std_itl": 0.07114344644369457,
  "p90_itl": 0.020494304969906806,
  "p99_itl": 0.04524683578405529,
  "p99.9_itl": 0.3291275400917512,
  "mean_e2el": 23.007172648993826,
  "median_e2el": 22.914891426975373,
  "std_e2el": 3.061480093369395,
  "p90_e2el": 27.69644900080748,
  "p99_e2el": 29.017042118514656,
  "p99.9_e2el": 29.112427855752763
}
