{
  "hw": "mi355x",
  "conc": 2,
  "image": "rocm/sgl-dev:v0.5.8.post1-rocm700-mi35x-20260219",
  "model": "/dev/shm/model/GLM-5-FP8",
  "infmax_model_prefix": "glm5",
  "framework": "sglang",
  "precision": "fp8",
  "spec_decoding": "none",
  "disagg": false,
  "isl": 1024,
  "osl": 1024,
  "is_multinode": false,
  "tp": 8,
  "ep": 1,
  "dp_attention": "false",
  "tput_per_gpu": 8.304511129054932,
  "output_tput_per_gpu": 3.9762096414700148,
  "input_tput_per_gpu": 4.328301487584917,
  "mean_ttft": 1.0989787509897724,
  "median_ttft": 1.3776864794781432,
  "std_ttft": 0.5175147696149437,
  "p90_ttft": 1.5343026504851878,
  "p99_ttft": 1.5901764654321595,
  "p99.9_ttft": 1.595763846926857,
  "mean_tpot": 0.06062510735185376,
  "mean_intvty": 16.494816152592307,
  "median_tpot": 0.06032082823178293,
  "median_intvty": 16.578021710137957,
  "std_tpot": 0.000666224570021079,
  "std_intvty": 1500.9953775321742,
  "p90_tpot": 0.06153273288900564,
  "p90_intvty": 16.25151286233014,
  "p99_tpot": 0.06166641953629376,
  "p99_intvty": 16.21628120328034,
  "p99.9_tpot": 0.06167978820102257,
  "p99.9_intvty": 16.212766437213887,
  "mean_itl": 0.060633086549275815,
  "median_itl": 0.06003268191125244,
  "std_itl": 0.02592836555708799,
  "p90_itl": 0.060147857200354336,
  "p99_itl": 0.06038705409737304,
  "p99.9_itl": 0.08384029867058619,
  "mean_e2el": 53.991240977542475,
  "median_e2el": 53.22336063999683,
  "std_e2el": 2.3646818365282014,
  "p90_e2el": 57.00341312249657,
  "p99_e2el": 58.15294757658849,
  "p99.9_e2el": 58.26790102199768
}
[aggregate_power] avg_power_w=442.61 (per GPU, n=8) joules_per_output_token=111.3136 joules_per_total_token=53.2971 duration=164.7s output_tokens=5240 input_tokens=5704 -> agg_glm5_1024x1024_fp8_sglang_mi355x_tp8-ep1-dpafalse_disagg-false_spec-none_conc2_prompts3x_old.json
