{
  "hw": "mi355x",
  "conc": 8,
  "image": "rocm/sgl-dev:v0.5.8.post1-rocm700-mi35x-20260219",
  "model": "/dev/shm/model/GLM-5-FP8",
  "infmax_model_prefix": "glm5",
  "framework": "sglang",
  "precision": "fp8",
  "spec_decoding": "none",
  "disagg": false,
  "isl": 8192,
  "osl": 1024,
  "is_multinode": false,
  "tp": 8,
  "ep": 1,
  "dp_attention": "false",
  "tput_per_gpu": 105.11712235793725,
  "output_tput_per_gpu": 11.895935860697916,
  "input_tput_per_gpu": 93.22118649723933,
  "mean_ttft": 3.770997298978424,
  "median_ttft": 2.325974076986313,
  "std_ttft": 2.956505714693033,
  "p90_ttft": 9.354315916448831,
  "p99_ttft": 9.628125591180288,
  "p99.9_ttft": 9.628543824490626,
  "mean_tpot": 0.07637863952546144,
  "mean_intvty": 13.092665779502944,
  "median_tpot": 0.07943720645632213,
  "median_intvty": 12.588559500136016,
  "std_tpot": 0.0053218288873792255,
  "std_intvty": 187.90532750339096,
  "p90_tpot": 0.08177186271550542,
  "p90_intvty": 12.229145414959246,
  "p99_tpot": 0.0827788269380139,
  "p99_intvty": 12.080383800906189,
  "p99.9_tpot": 0.08284831566223447,
  "p99.9_intvty": 12.070251422816064,
  "mean_itl": 0.07653053034551213,
  "median_itl": 0.06712564500048757,
  "std_itl": 0.1305383831227542,
  "p90_itl": 0.06741817342117429,
  "p99_itl": 0.22974184130318462,
  "p99.9_itl": 2.127121707509272,
  "mean_e2el": 75.51518037413673,
  "median_e2el": 76.76431401295122,
  "std_e2el": 8.447631287134715,
  "p90_e2el": 85.6335659845965,
  "p99_e2el": 90.36316874761833,
  "p99.9_e2el": 90.6169761531509
}
[aggregate_power] avg_power_w=494.21 (per GPU, n=8) joules_per_output_token=41.5444 joules_per_total_token=4.7015 duration=236.7s output_tokens=22523 input_tokens=176499 -> agg_glm5_8192x1024_fp8_sglang_mi355x_tp8-ep1-dpafalse_disagg-false_spec-none_conc8_prompts3x_old.json
