{
  "hw": "mi355x",
  "conc": 2,
  "image": "lmsysorg/sglang-rocm:v0.5.10rc0-rocm720-mi35x-20260413",
  "model": "zai-org/GLM-5-FP8",
  "infmax_model_prefix": "glm5",
  "framework": "sglang",
  "precision": "fp8",
  "spec_decoding": "none",
  "disagg": false,
  "isl": 1024,
  "osl": 1024,
  "is_multinode": false,
  "tp": 8,
  "ep": 1,
  "dp_attention": "false",
  "tput_per_gpu": 23.262884014302323,
  "output_tput_per_gpu": 11.138296074099431,
  "input_tput_per_gpu": 12.124587940202892,
  "mean_ttft": 0.17527011250300953,
  "median_ttft": 0.15425761800725013,
  "std_ttft": 0.05998015456779447,
  "p90_ttft": 0.23868382451473735,
  "p99_ttft": 0.2966830253688386,
  "p99.9_ttft": 0.3024829454542488,
  "mean_tpot": 0.021780376146723453,
  "mean_intvty": 45.91288934881116,
  "median_tpot": 0.021621493887164424,
  "median_intvty": 46.25027323360154,
  "std_tpot": 0.0003714298531794542,
  "std_intvty": 2692.2984015419347,
  "p90_tpot": 0.022248230001293064,
  "p90_intvty": 44.94739581269522,
  "p99_tpot": 0.0224765906173596,
  "p99_intvty": 44.49073336005234,
  "p99.9_tpot": 0.02249942667896625,
  "p99.9_intvty": 44.44557695929457,
  "mean_itl": 0.021788518885735075,
  "median_itl": 0.021284407994244248,
  "std_itl": 0.008729122042379632,
  "p90_itl": 0.02142478895839304,
  "p99_itl": 0.027529465788975357,
  "p99.9_itl": 0.15107272862146304,
  "mean_e2el": 19.18212107048991,
  "median_e2el": 19.293911248998484,
  "std_e2el": 0.9398600829312543,
  "p90_e2el": 20.1278584379761,
  "p99_e2el": 20.139375286168068,
  "p99.9_e2el": 20.140526970987267
}
