{
  "hw": "mi355x",
  "conc": 8,
  "image": "rocm/sgl-dev:v0.5.8.post1-rocm700-mi35x-20260219",
  "model": "/dev/shm/model/GLM-5-FP8",
  "infmax_model_prefix": "glm5",
  "framework": "sglang",
  "precision": "fp8",
  "spec_decoding": "none",
  "disagg": false,
  "isl": 1024,
  "osl": 1024,
  "is_multinode": false,
  "tp": 8,
  "ep": 1,
  "dp_attention": "false",
  "tput_per_gpu": 27.21135622226566,
  "output_tput_per_gpu": 13.745620828982702,
  "input_tput_per_gpu": 13.465735393282959,
  "mean_ttft": 0.9967636334476992,
  "median_ttft": 0.5112417089985684,
  "std_ttft": 0.7281762539012018,
  "p90_ttft": 1.9022900642128662,
  "p99_ttft": 1.9025342903542333,
  "p99.9_ttft": 1.9025745371959637,
  "mean_tpot": 0.06698344117109184,
  "mean_intvty": 14.929062802936015,
  "median_tpot": 0.06685263466998315,
  "median_intvty": 14.958273595894648,
  "std_tpot": 0.0010138065253290647,
  "std_intvty": 986.3814988519794,
  "p90_tpot": 0.06804465820757946,
  "p90_intvty": 14.696230774638684,
  "p99_tpot": 0.06836224888916527,
  "p99_intvty": 14.62795645622024,
  "p99.9_tpot": 0.0683884803747519,
  "p99.9_intvty": 14.62234567167231,
  "mean_itl": 0.06698874269954215,
  "median_itl": 0.06498908111825585,
  "std_itl": 0.04084140833983134,
  "p90_itl": 0.06520352624356747,
  "p99_itl": 0.06861285843420774,
  "p99.9_itl": 0.4333987537017092,
  "mean_e2el": 63.57541391859801,
  "median_e2el": 64.40140911797062,
  "std_e2el": 4.682259497049391,
  "p90_e2el": 69.08294903768692,
  "p99_e2el": 71.21097309840843,
  "p99.9_e2el": 71.30861128377728
}
[aggregate_power] avg_power_w=475.59 (per GPU, n=8) joules_per_output_token=34.5994 joules_per_total_token=17.4776 duration=204.1s output_tokens=22444 input_tokens=21987 -> agg_glm5_1024x1024_fp8_sglang_mi355x_tp8-ep1-dpafalse_disagg-false_spec-none_conc8_prompts3x_old.json
