{
  "hw": "mi355x",
  "conc": 4,
  "image": "lmsysorg/sglang-rocm:v0.5.10rc0-rocm720-mi35x-20260413",
  "model": "zai-org/GLM-5-FP8",
  "infmax_model_prefix": "glm5",
  "framework": "sglang",
  "precision": "fp8",
  "spec_decoding": "none",
  "disagg": false,
  "isl": 1024,
  "osl": 1024,
  "is_multinode": false,
  "tp": 8,
  "ep": 1,
  "dp_attention": "false",
  "tput_per_gpu": 41.51533759847504,
  "output_tput_per_gpu": 20.851133537997903,
  "input_tput_per_gpu": 20.66420406047714,
  "mean_ttft": 0.21266316683249897,
  "median_ttft": 0.1404385029891273,
  "std_ttft": 0.08805112390817885,
  "p90_ttft": 0.31490641840500755,
  "p99_ttft": 0.3239784229872748,
  "p99.9_ttft": 0.3249851332954713,
  "mean_tpot": 0.023072177585996046,
  "mean_intvty": 43.34224614355269,
  "median_tpot": 0.02312913915048541,
  "median_intvty": 43.2355045076986,
  "std_tpot": 0.00016592965702763327,
  "std_intvty": 6026.6501957119335,
  "p90_tpot": 0.023239437318656263,
  "p90_intvty": 43.03030173614468,
  "p99_tpot": 0.023264976705307163,
  "p99_intvty": 42.98306474434947,
  "p99.9_tpot": 0.023267203357767566,
  "p99.9_intvty": 42.9789512999704,
  "mean_itl": 0.023076798619798063,
  "median_itl": 0.022836401985841803,
  "std_itl": 0.0056670975720589465,
  "p90_itl": 0.022962920003919862,
  "p99_itl": 0.02323347959609237,
  "p99.9_itl": 0.11040212636799128,
  "mean_e2el": 21.42601016649981,
  "median_e2el": 21.070829638498253,
  "std_e2el": 1.2900258532781976,
  "p90_e2el": 23.153969192900696,
  "p99_e2el": 23.767472658191693,
  "p99.9_e2el": 23.830956425120704
}
