{
  "hw": "mi355x",
  "conc": 8,
  "image": "rocm/atom:rocm7.2.2_ubuntu24.04_py3.12_pytorch_release_2.10.0_atom0.1.2.post",
  "model": "zai-org/GLM-5-FP8",
  "infmax_model_prefix": "glm5",
  "framework": "atom",
  "precision": "fp8",
  "spec_decoding": "none",
  "disagg": false,
  "isl": 1024,
  "osl": 1024,
  "is_multinode": false,
  "tp": 8,
  "ep": 1,
  "dp_attention": "false",
  "tput_per_gpu": 93.90213185708971,
  "output_tput_per_gpu": 47.43398634738182,
  "input_tput_per_gpu": 46.468145509707895,
  "mean_ttft": 0.16555752550872663,
  "median_ttft": 0.1004510479979217,
  "std_ttft": 0.09599614258561578,
  "p90_ttft": 0.31343530929880214,
  "p99_ttft": 0.3140034981013741,
  "p99.9_ttft": 0.3140518568264088,
  "mean_tpot": 0.01955475436586557,
  "mean_intvty": 51.13845877530337,
  "median_tpot": 0.019596048271554707,
  "median_intvty": 51.03069691104931,
  "std_tpot": 0.0002468328607931739,
  "std_intvty": 4051.3244338156405,
  "p90_tpot": 0.01979493531829932,
  "p90_intvty": 50.51797259855431,
  "p99_tpot": 0.019958438903034465,
  "p99_intvty": 50.10411910763025,
  "p99.9_tpot": 0.019991684924626895,
  "p99.9_intvty": 50.02079633458724,
  "mean_itl": 0.01953416755247424,
  "median_itl": 0.019252619007602334,
  "std_itl": 0.0064094942841998945,
  "p90_itl": 0.019394997041672468,
  "p99_itl": 0.02170848263427615,
  "p99.9_itl": 0.0808163605810842,
  "mean_e2el": 18.433259582927956,
  "median_e2el": 18.756375285505783,
  "std_e2el": 1.2962070735283,
  "p90_e2el": 19.94256368414499,
  "p99_e2el": 20.196925254995005,
  "p99.9_e2el": 20.23024331529066
}
