{
  "hw": "mi355x",
  "conc": 1,
  "image": "rocm/sgl-dev:v0.5.8.post1-rocm700-mi35x-20260219",
  "model": "/dev/shm/model/GLM-5-FP8",
  "infmax_model_prefix": "glm5",
  "framework": "sglang",
  "precision": "fp8",
  "spec_decoding": "none",
  "disagg": false,
  "isl": 1024,
  "osl": 1024,
  "is_multinode": false,
  "tp": 8,
  "ep": 1,
  "dp_attention": "false",
  "tput_per_gpu": 3.5548026060622018,
  "output_tput_per_gpu": 1.8141708250783781,
  "input_tput_per_gpu": 1.7406317809838237,
  "mean_ttft": 0.747183647705242,
  "median_ttft": 0.5332699350547045,
  "std_ttft": 0.5482515032506803,
  "p90_ttft": 1.3062920294236393,
  "p99_ttft": 1.4802220006566496,
  "p99.9_ttft": 1.4976149977799507,
  "mean_tpot": 0.06791645499015954,
  "mean_intvty": 14.723972270709517,
  "median_tpot": 0.06111566815130665,
  "median_intvty": 16.362416222371284,
  "std_tpot": 0.009844699538865399,
  "std_intvty": 101.57750331050225,
  "p90_tpot": 0.0776933247724604,
  "p90_intvty": 12.871118631216893,
  "p99_tpot": 0.08142329751221998,
  "p99_intvty": 12.281497194951118,
  "p99.9_tpot": 0.08179629478619595,
  "p99.9_intvty": 12.22549264137037,
  "mean_itl": 0.06820144105750357,
  "median_itl": 0.05995321844238788,
  "std_itl": 0.10637911006507558,
  "p90_itl": 0.060040331725031135,
  "p99_itl": 0.12869775625876906,
  "p99.9_itl": 1.8590549157434184,
  "mean_e2el": 66.85711297268669,
  "median_e2el": 62.11957527906634,
  "std_e2el": 11.629119896770987,
  "p90_e2el": 78.71579487347044,
  "p99_e2el": 82.44994428221136,
  "p99.9_e2el": 82.82335922308546
}
[aggregate_power] avg_power_w=420.29 (per GPU, n=8) joules_per_output_token=231.6696 joules_per_total_token=118.2311 duration=200.6s output_tokens=2911 input_tokens=2793 -> agg_glm5_1024x1024_fp8_sglang_mi355x_tp8-ep1-dpafalse_disagg-false_spec-none_conc1_prompts3x_old.json
