{
  "hw": "mi355x",
  "conc": 1,
  "image": "rocm/sgl-dev:v0.5.8.post1-rocm720-mi35x-20260219",
  "model": "zai-org/GLM-5-FP8",
  "infmax_model_prefix": "glm5",
  "framework": "sglang",
  "precision": "fp8",
  "spec_decoding": "none",
  "disagg": false,
  "isl": 1024,
  "osl": 1024,
  "is_multinode": false,
  "tp": 8,
  "ep": 1,
  "dp_attention": "false",
  "tput_per_gpu": 4.3425868684701845,
  "output_tput_per_gpu": 2.216211496163518,
  "input_tput_per_gpu": 2.1263753723066663,
  "mean_ttft": 0.6823535826600468,
  "median_ttft": 0.44819284602999687,
  "std_ttft": 0.5304881400757516,
  "p99_ttft": 1.3973184947681148,
  "mean_tpot": 0.055559671080616026,
  "mean_intvty": 17.998666668652863,
  "median_tpot": 0.05695940420137965,
  "median_intvty": 17.556363413923812,
  "std_tpot": 0.003281942383092182,
  "std_intvty": 304.69760991288933,
  "p99_tpot": 0.05865754715113972,
  "p99_intvty": 17.048104610023227,
  "mean_itl": 0.05575593456258358,
  "median_itl": 0.050220092467498034,
  "std_itl": 0.052065938311967694,
  "p99_itl": 0.23526623980607833,
  "mean_e2el": 54.72843886533519,
  "median_e2el": 58.14806930202758,
  "std_e2el": 5.789562035206037,
  "p99_e2el": 59.43503994988743
}
