{
  "hw": "mi355x",
  "conc": 1,
  "image": "rocm/atom:rocm7.2.2_ubuntu24.04_py3.12_pytorch_release_2.10.0_atom0.1.2.post",
  "model": "zai-org/GLM-5-FP8",
  "infmax_model_prefix": "glm5",
  "framework": "atom",
  "precision": "fp8",
  "spec_decoding": "none",
  "disagg": false,
  "isl": 1024,
  "osl": 1024,
  "is_multinode": false,
  "tp": 8,
  "ep": 1,
  "dp_attention": "false",
  "tput_per_gpu": 14.439631199729483,
  "output_tput_per_gpu": 7.369173636467834,
  "input_tput_per_gpu": 7.070457563261649,
  "mean_ttft": 0.09524153731763363,
  "median_ttft": 0.0964200230082497,
  "std_ttft": 0.0016777435260949935,
  "p90_ttft": 0.09643258217256516,
  "p99_ttft": 0.09643540798453615,
  "p99.9_ttft": 0.09643569056573324,
  "mean_tpot": 0.016878512186759172,
  "mean_intvty": 59.246928220632995,
  "median_tpot": 0.016882349926034157,
  "median_intvty": 59.233460056286766,
  "std_tpot": 4.4295219111173374e-05,
  "std_intvty": 22575.799828197534,
  "p90_tpot": 0.016921063390295997,
  "p90_intvty": 59.09794065150105,
  "p99_tpot": 0.016929773919754913,
  "p99_intvty": 59.067534199799674,
  "p99.9_tpot": 0.016930644972700803,
  "p99.9_intvty": 59.064495275425905,
  "mean_itl": 0.016863529565761697,
  "median_itl": 0.01682756294030696,
  "std_itl": 0.0012372390593621831,
  "p90_itl": 0.01697921205777675,
  "p99_itl": 0.017068795976229012,
  "p99.9_itl": 0.022241886177798733,
  "mean_e2el": 16.458485992625356,
  "median_e2el": 17.19291804090608,
  "std_e2el": 1.0424095735522556,
  "p90_e2el": 17.197176006645897,
  "p99_e2el": 17.198134048937355,
  "p99.9_e2el": 17.1982298531665
}
