{
  "hw": "mi355x",
  "conc": 4,
  "image": "lmsysorg/sglang-rocm:v0.5.10rc0-rocm720-mi35x-20260413",
  "model": "zai-org/GLM-5-FP8",
  "infmax_model_prefix": "glm5",
  "framework": "sglang",
  "precision": "fp8",
  "spec_decoding": "none",
  "disagg": false,
  "isl": 8192,
  "osl": 1024,
  "is_multinode": false,
  "tp": 8,
  "ep": 1,
  "dp_attention": "false",
  "tput_per_gpu": 174.77854146573154,
  "output_tput_per_gpu": 19.23397713361631,
  "input_tput_per_gpu": 155.54456433211521,
  "mean_ttft": 1.0845713353288982,
  "median_ttft": 0.7469718839856796,
  "std_ttft": 0.6236930203769186,
  "p90_ttft": 1.9982176814693957,
  "p99_ttft": 2.3990433328400833,
  "p99.9_ttft": 2.443620664154529,
  "mean_tpot": 0.02443761151409607,
  "mean_intvty": 40.92052938247183,
  "median_tpot": 0.024313313327079394,
  "median_intvty": 41.12972948389687,
  "std_tpot": 0.0009884571138352766,
  "std_intvty": 1011.6776802990838,
  "p90_tpot": 0.02537094376068016,
  "p90_intvty": 39.41516758039557,
  "p99_tpot": 0.026453352710630304,
  "p99_intvty": 37.802391664257705,
  "p99.9_tpot": 0.026569444076095673,
  "p99.9_intvty": 37.637219549493416,
  "mean_itl": 0.024476577117350046,
  "median_itl": 0.02280907006934285,
  "std_itl": 0.029079852610400126,
  "p90_itl": 0.022983092209324242,
  "p99_itl": 0.023396553865168243,
  "p99.9_itl": 0.4960276948295068,
  "mean_e2el": 23.552028959296877,
  "median_e2el": 23.171798301453236,
  "std_e2el": 2.01509842253241,
  "p90_e2el": 25.94016045659082,
  "p99_e2el": 27.444573375299807,
  "p99.9_e2el": 27.60947239106952
}
